---
source: tui/tests/overlay_accessibility.rs
expression: "surfaces.iter().map(|(name, model, _)|\nformat!(\"{name}\\n{}\",\nframe(model, Theme::Mono))).collect::<Vec<_>>().join(\"\\n\\n\")"
---
TURN NAVIGATOR
 Jump to a Turn ────────────────────────
Search  type to search
   9  release checkpoint 08
  10  release checkpoint 09
  11  release checkpoint 10
› 12  release checkpoint 11
  ↑/↓ select   Home/End edge
  Enter jump   Esc close

RECOVERY INSPECTOR
 Inspector · Recovery ──────────────────
  ! Command result unknown
    Review durable truth before exact r…
  ! Another Session needs review
    Switch Sessions to review its durab…
› ! Reconnecting · attempt 3/5
    Updates remain paused. Wait for thi…
↑↓ select · Esc close

DECISION SHEET
 Approval required ─────────────────────
!  Review the public request before
› false · 2/2 ↑↓



  Enter submit response
  Ctrl+Q leave safely

UNKNOWN RECOVERY
>_ Garive
Agent    Not installed
 Command result unknown ────────────────
×  Durable outcome is unknown; review
Host truth before any exact replay.

  Enter exact retry
  A abandon local record
