---
source: tui/tests/overlay_accessibility.rs
expression: "surfaces.iter().map(|(name, model, _)|\nformat!(\"{name}\\n{}\",\nframe(model, Theme::Mono))).collect::<Vec<_>>().join(\"\\n\\n\")"
---
TURN NAVIGATOR
  ╭ Jump to a Turn ──────────────────╮
  │                                  │
  │  Search  type to search          │
  │  › 12  release checkpoint 11     │
  │    ↑/↓ select   Home/End edge    │
  │    Enter jump   Esc close        │
  │                                  │
  ╰──────────────────────────────────╯

RECOVERY INSPECTOR
  ╭ Inspector · Recovery ────────────╮
  │   ! Another Session needs review │
  │     Switch Sessions to review i… │
  │ › ! Reconnecting · attempt 3/5   │
  │     Updates remain paused. Wait… │
  │                                  │
  │ ↑↓ select · Esc close            │
  ╰──────────────────────────────────╯

DECISION SHEET
  ╭ Approval required ───────────────╮
  │                                  │
  │  !  Review the public request    │
  │  › false · 2/2 ↑↓                │
  │    Enter submit response         │
  │    Ctrl+Q leave safely           │
  │                                  │
  ╰──────────────────────────────────╯

UNKNOWN RECOVERY
  ╭ Command result unknown ──────────╮
  │                                  │
  │  ×  Durable outcome is unknown;  │
  │                                  │
  │    Enter exact retry             │
  │    A abandon local record        │
  │                                  │
  ╰──────────────────────────────────╯
