---
source: tui/tests/view_snapshots.rs
expression: "format!(\"PROMPT HISTORY\\n{}\\n\\nSESSION PICKER\\n{}\",\nframe(&history, Theme::Mono, 40, 8), frame(&sessions, Theme::Mono, 40, 8))"
---
PROMPT HISTORY

  • Verify the Runtime
 Prompt history ────────────────────────
Search  type to search
  first
› 👨‍👩‍👧‍👦 界 👨‍👩‍👧‍👦 界 👨‍👩‍👧‍👦 界 👨‍👩‍👧‍👦 界 👨‍👩‍👧‍👦 界 👨‍👩‍👧‍👦 界 👨‍👩‍👧‍👦 界 👨‍👩‍👧‍👦 界 👨‍👩‍👧‍👦 界 …
  third
  Enter restore   Esc close

SESSION PICKER

  • Verify the Runtime
  • Ship with evidence
 Switch session ────────────────────────
Filter  type to search
  Session 1 · Agent   ● running
› Session 2 · Agent   ● running
  Enter open   Esc close
