---
source: tui/tests/view_snapshots.rs
expression: "frame(&palette, Theme::Dark, 160, 28)"
---

› Summarize the release plan.
  ✓  Agent action · completed
## Release plan

  • Verify the Runtime
  • Ship with evidence

  cargo test passes.





 Command palette · 14–21/21 ────────────────────────────────────────────────────────────────────────────────────────────────────────────────────────────────────
Search  type to search
  /mouse auto         Keep terminal selection and scrolling
  /mouse on           Enable mouse capture now
  /mouse off          Disable mouse capture now
  /copy last          Copy last completion
  /copy selection     unavailable · no composer text is selected
  /copy session-id    Copy Session ID
  /help               Keyboard guide
› /quit               Exit safely
  ↑/↓ select   Home/End edge   Enter run   Esc close
• Working…
› Ask a follow-up…
  Agent · Session 1
