---
source: tui/tests/view_snapshots.rs
expression: "frame(&palette, Theme::Dark, 40, 8)"
---
 Command palette · 18–21/21 ────────────
Search  type to search
  /copy selection   unavailable · no co…
  /copy session-id  Copy Session ID
  /help             Keyboard guide
› /quit             Exit safely
  ↑/↓ select   Home/End edge
  Enter run   Esc close
