---
source: tui/tests/view_snapshots.rs
expression: "frame(&action, Theme::Light, 100, 24)"
---
  Session 1  ·  Agent

    › Summarize the release plan.
      ✓  Agent action · completed
                   ╭ Approval required ─────────────────────────────────────────╮
                   │                                                            │
                   │  !  Review the public request before responding.           │
                   │  Create one bounded local file.                            │
                   │                                                            │
                   │  Choose                                                    │
                   │  › true                                                    │
                   │    false                                                   │
                   │  Enter true or false.                                      │
                   │                                                            │
                   │    Enter submit response   Ctrl+Q leave safely             │
                   │                                                            │
                   ╰────────────────────────────────────────────────────────────╯




  Agent running
  › Ask a follow-up…
