---
source: tui/tests/view_snapshots.rs
expression: "frame(&activities, Theme::Mono, 100, 24)"
---
  Session 1  ·  research-age                                                         Agent running

    You
      Verify the release candidate.
      ✓  2 actions completed
      ●  Running strict validation














  ╭──────────────────────────────────────────────────────────────────────────────────────────────╮
  │ Ask a follow-up…                                                                             │
  ╰──────────────────────────────────────────────────────────────────────────────────────────────╯
    Esc cancel run
