---
source: tui/tests/view_snapshots.rs
expression: wide
---
===== preparing =====
                                Current session  ·  Garive

                                  › Show every verified streaming stage.
                                  ◆ Garive · Preparing context

















                                 Esc cancel Turn
                                › A retained follow-up draft


===== first presented delta =====
                                Current session  ·  Garive

                                  › Show every verified streaming stage.
                                  ◆ Garive · Preparing context
                                    The first visible▍
















                                 Esc cancel Turn
                                › A retained follow-up draft


===== second delta with activity =====
                                Current session  ·  Garive

                                  › Show every verified streaming stage.
                                    ●  Verifying streamed output
                                  ◆ Garive · Generating response
                                    The first visible streaming frame arrives.▍















                                 Esc cancel Turn
                                › A retained follow-up draft


===== overlay while streaming =====
                                Current session  ·  Garive
                                           ╭ Command palette ───────────────────────────────────────────────────────╮
                                           │  Search  type to search                                                │
                                           │  21 commands · showing 1–14 · ↓ 7 more                                 │
                                           │  › /new                unavailable · no Agent is installed             │
                                           │    /sessions           Switch session                                  │
                                           │    /jump               unavailable · fewer than two Turns are loaded   │
                                           │    /inspect            Open Inspector                                  │
                                           │    /status             Connection details                              │
                                           │    /edit-prompt        Edit draft externally                           │
                                           │    /retry              unavailable · no unknown command                │
                                           │    /reconnect          Resume event stream                             │
                                           │    /cancel             Cancel running turn                             │
                                           │    /theme system       Follow terminal theme                           │
                                           │    /theme dark         Use dark theme                                  │
                                           │    /theme light        Use light theme                                 │
                                           │    /theme mono         Use mono theme                                  │
                                           │    /mouse auto         Keep terminal selection and scrolling           │
                                           │                                                                        │
                                           │    ↑/↓ select   Home/End edge   Enter run   Esc close                  │
                                           ╰────────────────────────────────────────────────────────────────────────╯

                                › A retained follow-up draft


===== stream restored after overlay =====
                                Current session  ·  Garive

                                  › Show every verified streaming stage.
                                    ●  Verifying streamed output
                                  ◆ Garive · Generating response
                                    The first visible streaming frame arrives.▍















                                 Esc cancel Turn
                                › A retained follow-up draft


===== finalizing =====
                                Current session  ·  Garive

                                  › Show every verified streaming stage.
                                    ●  Verifying streamed output
                                  ◆ Garive · Finalizing response
                                    The first visible streaming frame arrives.▍















                                 Esc cancel Turn
                                › A retained follow-up draft


===== ended awaiting durable =====
                                Current session  ·  Garive

                                  › Show every verified streaming stage.
                                    ●  Verifying streamed output
                                  ◆ Garive · Waiting for durable result
                                    The first visible streaming frame arrives.















                                 Esc cancel Turn
                                › A retained follow-up draft


===== durable takeover =====
                                Current session  ·  Garive

                                  › Show every verified streaming stage.
                                    ●  Verifying streamed output
                                  ◆ Garive
                                    Saved streaming answer.
















                                › A retained follow-up draft
