---
source: tui/tests/view_snapshots.rs
expression: "motion_frame(&model, Theme::Mono, 4, 100, 24)"
---
  Session 1  ·  Agent

    › Summarize the release plan.
      ✓  Agent action · completed
    ◆ Garive
      ## Release plan

      • Verify the Runtime
      • Ship with evidence

      cargo test passes.










  ● Agent running ·  Esc cancel Turn
  › Ask a follow-up…
