---
source: tui/tests/view_snapshots.rs
expression: matrix
---
===== loading compact · Mono · 40x18 =====
New conversation              connecting















› Ask Garive anything  ·  / commands


===== loading standard · Dark · 80x18 =====
New conversation  ·  Garive                                           connecting















› Ask Garive anything  ·  / commands


===== loading wide · Light · 120x18 =====
New conversation  ·  Garive                                                                                   connecting















› Ask Garive anything  ·  / commands


===== ready · Dark · 100x18 =====
















› Ask Garive anything  ·  / commands


===== not configured · Mono · 100x18 =====


    No Agent is installed
    Install an Agent definition before starting a conversation.












› Ask Garive anything  ·  / commands


===== degraded · Dark · 100x18 =====
New conversation  ·  Garive                                                              unavailable


    Recovery details are available
    Open /status to inspect the safe failure and reconnect.











› Ask Garive anything  ·  / commands
  /reconnect try again safely  ·  Durable Session truth unavailable
