---
source: tui/tests/view_snapshots.rs
expression: "frame(&turns, Theme::Mono, 100, 24)"
---
  GARIVE  research-age  /  Session session-alph                               ● online  ·  running

 Sessions 2   ╭ Jump to a Turn ──────────────────────────────────────────────────────╮
              │                                                                      │
 ▌ research-  │  Search  release                                                     │
   ✓ complet  │     1  release checkpoint 00 with verified evidence                  │
              │     2  release checkpoint 01 with verified evidence                  │
   research-  │  ›  3  release checkpoint 02 with verified evidence                  │
   ● running  │     4  release checkpoint 03 with verified evidence                  │
              │     5  release checkpoint 04 with verified evidence                  │
              │     6  release 界 面  keeps a display-width bounded preview across …   │
              │     7  release checkpoint 06 with verified evidence                  │
              │     8  release checkpoint 07 with verified evidence                  │
              │     9  release checkpoint 08 with verified evidence                  │
              │    10  release checkpoint 09 with verified evidence                  │
              │                                                                      │
              │    ↑/↓ select   Home/End edge   Enter jump   Esc close               │
              │                                                                      │
              ╰──────────────────────────────────────────────────────────────────────╯
                           │────────────────────────────────────────────────────────────────────────
                           │╔ Compose ═════════════════════════════════════════════════════════════╗
                           │║ Ask a follow-up…                                                     ║
  Ctrl+N new · Ctrl+S list │╚══════════════════════════════════════════════════════════════════════╝
                           │  Esc cancel   Ctrl+S sessions   Ctrl+P commands   ? help   18 / 4096 B
