---
source: tui/tests/view_snapshots.rs
expression: "frame(&wrapped, Theme::Mono, 40, 16)"
---

› Summarize the release plan.
  ✓ Agent action · completed
• ## Release plan

  • Verify the Runtime
  • Ship with evidence

  cargo test passes.



              Working…  ·  Esc interrupt
› Composer grows with soft wrapping and
  keeps every visible row.
