---
source: tui/tests/view_snapshots.rs
expression: "frame(&help, Theme::Dark, 100, 24)"
---
  Session 1  ·  research-age                                                         Agent running

    You
      Summar  ╭ Keyboard guide ──────────────────────────────────────────────────────╮
      ✓  Age  │                                                                      │
    ◆ Garive  │    Enter send   Ctrl+J new line   Ctrl+N new Session                 │
      ## Rel  │    Ctrl+S open Sessions   Ctrl+P open commands                       │
      • Veri  │    Ctrl+R open prompt history   Ctrl+G edit externally               │
      • Ship  │    Ctrl+U/K kill to line edge   Ctrl+Y yank killed text              │
      cargo   │    Esc cancel the running Turn   Ctrl+Q ask to quit                  │
              │                                                                      │
              │  Durable truth comes from the local Garive Host.                     │
              │  No function keys are required. Color and mouse are optional.        │
              │  Copy uses terminal OSC 52 support; otherwise select terminal text   │
              │  manually.                                                           │
              │                                                                      │
              ╰──────────────────────────────────────────────────────────────────────╯



  ╭──────────────────────────────────────────────────────────────────────────────────────────────╮
  │ Ask a follow-up…                                                                             │
  ╰──────────────────────────────────────────────────────────────────────────────────────────────╯
    Esc cancel run
