---
source: tui/tests/view_snapshots.rs
expression: "markdown_table_narrow_preview(Theme::Dark)"
---
"Surfa…" <fg=Some(Rgb(232, 235, 242)) bg=None +BOLD -NONE> | ": " <fg=Some(Rgb(126, 134, 151)) bg=None +NONE -NONE> | "macOS" <fg=Some(Rgb(232, 235, 242)) bg=None +NONE -NONE>
"State" <fg=Some(Rgb(232, 235, 242)) bg=None +BOLD -NONE> | ": " <fg=Some(Rgb(126, 134, 151)) bg=None +NONE -NONE> | "ready" <fg=Some(Rgb(232, 235, 242)) bg=None +BOLD -NONE>
"Owner" <fg=Some(Rgb(232, 235, 242)) bg=None +BOLD -NONE> | ": " <fg=Some(Rgb(126, 134, 151)) bg=None +NONE -NONE> | "TUI" <fg=Some(Rgb(232, 235, 242)) bg=None +NONE -NONE>
"···" <fg=Some(Rgb(126, 134, 151)) bg=None +NONE -NONE>
"Surfa…" <fg=Some(Rgb(232, 235, 242)) bg=None +BOLD -NONE> | ": " <fg=Some(Rgb(126, 134, 151)) bg=None +NONE -NONE> | "Other" <fg=Some(Rgb(232, 235, 242)) bg=None +NONE -NONE>
"State" <fg=Some(Rgb(232, 235, 242)) bg=None +BOLD -NONE> | ": " <fg=Some(Rgb(126, 134, 151)) bg=None +NONE -NONE> | "later" <fg=Some(Rgb(232, 235, 242)) bg=None +NONE -NONE>
"Owner" <fg=Some(Rgb(232, 235, 242)) bg=None +BOLD -NONE> | ": " <fg=Some(Rgb(126, 134, 151)) bg=None +NONE -NONE> | "roadmap" <fg=Some(Rgb(232, 235, 242)) bg=None +NONE -NONE>
