---
source: tui/tests/view_snapshots.rs
expression: compact
---
===== preparing =====

  › Show every verified streaming
    stage.
  • Preparing context











 Esc interrupt
› A retained follow-up draft


===== first presented delta =====

  › Show every verified streaming
    stage.
  • Preparing context
    The first visible▍










 Esc interrupt
› A retained follow-up draft


===== second delta with activity =====

  › Show every verified streaming
    stage.
    ● Verifying streamed output
  • Writing…
    The first visible streaming frame
    arrives.▍








 Esc interrupt
› A retained follow-up draft


===== overlay while streaming =====
╭ Command palette ─────────────────────╮
│  Search  type to search              │
│  Showing 1–12 / 21 · ↓9              │
│  › /new              unavailable ·…  │
│    /sessions         Switch session  │
│    /jump             unavailable ·…  │
│    /inspect          Open Inspector  │
│    /status           Connection de…  │
│    /edit-prompt      Edit draft ex…  │
│    /retry            unavailable ·…  │
│    /reconnect        Resume event …  │
│    /cancel           Cancel runnin…  │
│    /theme system     Follow termin…  │
│    /theme dark       Use dark theme  │
│    /theme light      Use light the…  │
│    ↑/↓ select   Home/End edge        │
│    Enter run   Esc close             │
╰──────────────────────────────────────╯

===== stream restored after overlay =====

  › Show every verified streaming
    stage.
    ● Verifying streamed output
  • Writing…
    The first visible streaming frame
    arrives.▍








 Esc interrupt
› A retained follow-up draft


===== finalizing =====

  › Show every verified streaming
    stage.
    ● Verifying streamed output
  • Finishing…
    The first visible streaming frame
    arrives.▍








 Esc interrupt
› A retained follow-up draft


===== ended awaiting durable =====

  › Show every verified streaming
    stage.
    ● Verifying streamed output
  • Awaiting saved result
    The first visible streaming frame
    arrives.








 Esc interrupt
› A retained follow-up draft


===== durable takeover =====

  › Show every verified streaming
    stage.
    ● Verifying streamed output
  • Saved streaming answer.











› A retained follow-up draft
