---
source: tui/tests/view_snapshots.rs
expression: "live_answer_states_preview(Theme::Dark)"
---
-- preparing --
line <fg=None bg=None +NONE -NONE> :: "• " <fg=Some(Rgb(232, 235, 242)) bg=None +BOLD -NONE> | "Preparing context" <fg=Some(Rgb(126, 134, 151)) bg=None +NONE -NONE>
line <fg=None bg=None +NONE -NONE> :: "  " <fg=None bg=None +NONE -NONE> | "A " <fg=Some(Rgb(232, 235, 242)) bg=None +NONE -NONE> | "progressive" <fg=Some(Rgb(232, 235, 242)) bg=None +BOLD -NONE> | " answer." <fg=Some(Rgb(232, 235, 242)) bg=None +NONE -NONE> | "▍" <fg=Some(Rgb(72, 202, 228)) bg=None +BOLD -NONE>
line <fg=None bg=None +NONE -NONE> :: 
-- generating --
line <fg=None bg=None +NONE -NONE> :: "• " <fg=Some(Rgb(232, 235, 242)) bg=None +BOLD -NONE> | "Writing…" <fg=Some(Rgb(126, 134, 151)) bg=None +NONE -NONE>
line <fg=None bg=None +NONE -NONE> :: "  " <fg=None bg=None +NONE -NONE> | "A " <fg=Some(Rgb(232, 235, 242)) bg=None +NONE -NONE> | "progressive" <fg=Some(Rgb(232, 235, 242)) bg=None +BOLD -NONE> | " answer." <fg=Some(Rgb(232, 235, 242)) bg=None +NONE -NONE> | "▍" <fg=Some(Rgb(72, 202, 228)) bg=None +BOLD -NONE>
line <fg=None bg=None +NONE -NONE> :: 
-- reduced motion --
line <fg=None bg=None +NONE -NONE> :: "• " <fg=Some(Rgb(232, 235, 242)) bg=None +BOLD -NONE> | "Writing…" <fg=Some(Rgb(126, 134, 151)) bg=None +NONE -NONE>
line <fg=None bg=None +NONE -NONE> :: "  " <fg=None bg=None +NONE -NONE> | "A " <fg=Some(Rgb(232, 235, 242)) bg=None +NONE -NONE> | "progressive" <fg=Some(Rgb(232, 235, 242)) bg=None +BOLD -NONE> | " answer." <fg=Some(Rgb(232, 235, 242)) bg=None +NONE -NONE>
line <fg=None bg=None +NONE -NONE> :: 
-- finalizing --
line <fg=None bg=None +NONE -NONE> :: "• " <fg=Some(Rgb(232, 235, 242)) bg=None +BOLD -NONE> | "Finishing…" <fg=Some(Rgb(126, 134, 151)) bg=None +NONE -NONE>
line <fg=None bg=None +NONE -NONE> :: "  " <fg=None bg=None +NONE -NONE> | "A " <fg=Some(Rgb(232, 235, 242)) bg=None +NONE -NONE> | "progressive" <fg=Some(Rgb(232, 235, 242)) bg=None +BOLD -NONE> | " answer." <fg=Some(Rgb(232, 235, 242)) bg=None +NONE -NONE> | "▍" <fg=Some(Rgb(72, 202, 228)) bg=None +BOLD -NONE>
line <fg=None bg=None +NONE -NONE> :: 
-- unavailable --
line <fg=None bg=None +NONE -NONE> :: "• " <fg=Some(Rgb(232, 235, 242)) bg=None +BOLD -NONE> | "Finishing…" <fg=Some(Rgb(126, 134, 151)) bg=None +NONE -NONE>
line <fg=Some(Rgb(126, 134, 151)) bg=None +NONE -NONE> :: "  Live feedback unavailable · waiting for saved result" <fg=None bg=None +NONE -NONE>
line <fg=None bg=None +NONE -NONE> :: 
-- ended preview --
line <fg=None bg=None +NONE -NONE> :: "• " <fg=Some(Rgb(232, 235, 242)) bg=None +BOLD -NONE> | "Waiting for durable result" <fg=Some(Rgb(126, 134, 151)) bg=None +NONE -NONE>
line <fg=None bg=None +NONE -NONE> :: "  " <fg=None bg=None +NONE -NONE> | "Saved answer pending durable projection." <fg=Some(Rgb(232, 235, 242)) bg=None +NONE -NONE>
line <fg=None bg=None +NONE -NONE> :: 
-- durable takeover --
live preview present: false
