---
source: tui/tests/view_snapshots.rs
expression: "frame(&wrapped, Theme::Mono, 40, 16)"
---
Session 1                  Agent running

  You
    Summarize the release plan.
    ✓ Agent action · completed
  ◆ Garive
    ## Release plan
    • Verify the Runtime
    • Ship with evidence
    cargo test passes.

╭──────────────────────────────────────╮
│ Composer grows with soft wrapping    │
│ and keeps every visible row.         │
╰──────────────────────────────────────╯
  Esc cancel run
