---
source: tui/tests/view_snapshots.rs
expression: "inspector_frame(theme, 120)"
---


            › Summarize the release plan.

              ✓  Agent action · completed

            ## Release plan

              • Verify the Runtime
              • Ship with evidence

              cargo test passes.
             Inspector · Activity ──────────────────────────────────────────────────────────────────────────
            › ✓ Agent action · completed
            ↑↓ select · Enter jump · Esc close
            • Working…
            › Ask a follow-up…
