---
source: tui/tests/view_snapshots.rs
expression: "inspector_frame(theme, 120)"
---
Session 1  ·  research-age                                                Agent running ╭ Inspector · Activity ────────╮
                                                                                        │ › ✓ Agent action · completed │
  You                                                                                   │     Completed                │
    Summarize the release plan.                                                         │                              │
    ✓  Agent action · completed                                                         │                              │
  ◆ Garive                                                                              │                              │
    ## Release plan                                                                     │                              │
    • Verify the Runtime                                                                │                              │
    • Ship with evidence                                                                │                              │
    cargo test passes.                                                                  │                              │
                                                                                        │                              │
                                                                                        │                              │
                                                                                        │                              │
                                                                                        │                              │
╭─────────────────────────────────────────────────────────────────────────────────────╮ │                              │
│ Ask a follow-up…                                                                    │ │                              │
╰─────────────────────────────────────────────────────────────────────────────────────╯ │ ↑↓ select · Enter jump · Es… │
  Esc cancel run                                                                        ╰──────────────────────────────╯
