---
source: tui/tests/view_snapshots.rs
assertion_line: 96
expression: "frame(&help, Theme::Dark, 100, 24)"
---
  GARIVE  research-age  /  Session session-alph                               ● online  ·  running

 Sessions 2                │ Conversation · ● live
                           │  ╭─ YOU #2
 ▌ research-  ╭ Keyboard guide ──────────────────────────────────────────────────────╮
   ✓ complet  │                                                                      │
              │    Enter send   Ctrl+J new line                                      │
   research-  │    Ctrl+N new Session   Ctrl+S open Sessions                         │
   ● running  │    Ctrl+P open commands   Ctrl+R open prompt history                 │
              │    Esc cancel the running Turn   Ctrl+Q ask to quit                  │
              │                                                                      │
              │  Durable truth comes from the local Garive Host.                     │
              │  No function keys are required. Color and mouse are optional.        │
              │  Copy uses terminal OSC 52 support; otherwise select terminal text   │
              │  manually.                                                           │
              │                                                                      │
              ╰──────────────────────────────────────────────────────────────────────╯
                           │
                           │
                           │────────────────────────────────────────────────────────────────────────
                           │╔ Compose ═════════════════════════════════════════════════════════════╗
                           │║ Ask a follow-up…                                                     ║
  Ctrl+N new · Ctrl+S list │╚══════════════════════════════════════════════════════════════════════╝
                           │  Esc cancel   Ctrl+S sessions   Ctrl+P commands   ? help   18 / 4096 B
