---
source: tui/tests/view_snapshots.rs
expression: "frame(&turns, Theme::Mono, 40, 12)"
---
  GARIVE                  ●  ·  running
  ╭ Jump to a Turn ──────────────────╮
  │                                  │
  │  Search  release                 │
  │  ›  3  release checkpoint 02 …   │
  │    ↑/↓ select   Home/End edge    │
  │    Enter jump   Esc close        │
  │                                  │
  ╰──────────────────────────────────╯
║ Ask a follow-up…                     ║
╚══════════════════════════════════════╝
  Esc cancel   ? help       18 / 4096 B
