---
source: tui/tests/view_snapshots.rs
expression: "frame(&activities, Theme::Mono, 40, 18)"
---
Session 1                  Agent running

  › Verify the release candidate.
    ● Running strict valida… · 2 done










╭ › ───────────────────────────────────╮
│ Ask a follow-up…                     │
╰──────────────────────────────────────╯
  Esc cancel run
