---
source: tui/tests/view_snapshots.rs
expression: "frame(&model, Theme::Dark, 100, 24)"
---
  GARIVE  research-age  /  Session session-alph                               ● online  ·  running

 Sessions 2                │ Conversation
                           │  ╭─ YOU #2
 ▸ New session · 123456    │  │  Summarize the release plan.
   completed  ·  3 turns   │  ╰─
                           │
   New session · 987654    │    ◌  activity.research · completed
   running  ·  1 turns     │
                           │  ◆  GARIVE #6
                           │     ## Release plan
                           │     • Verify the Runtime
                           │     • Ship with evidence
                           │     cargo test passes.
                           │
                           │
                           │
                           │
                           │
                           │────────────────────────────────────────────────────────────────────────
╭ Message ─────────────────────────────────────────────────────────────────────────────────────────╮
│ Ask a follow-up…                                                                                 │
╰──────────────────────────────────────────────────────────────────────────────────────────────────╯
 Esc cancel   Ctrl+S sessions   Ctrl+P commands   ? help                              18/4096 bytes
