---
source: tui/tests/view_snapshots.rs
expression: "frame(&model, Theme::Dark, 100, 24)"
---

› Summarize the release plan.
  ✓  Agent action · completed

## Release plan

  • Verify the Runtime
  • Ship with evidence

  cargo test passes.











• Working…  ·  esc to interrupt
› Ask a follow-up…
  Agent · Session 1
