---
source: tui/tests/view_snapshots.rs
expression: compact
---
===== preparing =====
› Show every verified streaming stage.














• Preparing…  ·  esc to interrupt
› A retained follow-up draft


===== first presented delta =====
› Show every verified streaming stage.
• The first visible▍














› A retained follow-up draft
  Esc interrupt

===== second delta with activity =====
› Show every verified streaming stage.
  ● Verifying streamed output
• The first visible streaming frame
  arrives.▍












› A retained follow-up draft
  Esc interrupt

===== overlay while streaming =====
› Show every verified streaming stage.
  ● Verifying streamed output
• The first visible streaming frame
 Command palette · 1–8/21 ──────────────
Search  type to search
› /new              unavailable · no Ag…
  /sessions         Switch session
  /jump             unavailable · fewer…
  /inspect          Open Inspector
  /status           Connection details
  /edit-prompt      Edit draft external…
  /retry            unavailable · no un…
  /reconnect        Resume event stream
  ↑/↓ select   Home/End edge
  Enter run   Esc close

› A retained follow-up draft


===== stream restored after overlay =====
› Show every verified streaming stage.
  ● Verifying streamed output
• The first visible streaming frame
  arrives.▍












› A retained follow-up draft
  Esc interrupt

===== finalizing =====
› Show every verified streaming stage.
  ● Verifying streamed output
• The first visible streaming frame
  arrives.▍












› A retained follow-up draft
  Esc interrupt

===== ended awaiting durable =====
› Show every verified streaming stage.
  ● Verifying streamed output
• The first visible streaming frame
  arrives.











• Saving…  ·  esc to interrupt
› A retained follow-up draft


===== durable takeover =====
› Show every verified streaming stage.
  ● Verifying streamed output
• Saved streaming answer.













› A retained follow-up draft
