---
source: tui/tests/view_snapshots.rs
expression: "frame(&wrapped, Theme::Mono, 40, 16)"
---
  GARIVE                  ●  ·  running

 Conversation · ↑ earlier

  ◆  GARIVE #6
     ## Release plan
     • Verify the Runtime
     • Ship with evidence
     cargo test passes.

────────────────────────────────────────
╔ Compose ═════════════════════════════╗
║ Composer grows with soft wrapping    ║
║ and keeps every visible row.         ║
╚══════════════════════════════════════╝
  Esc cancel   ? help       62 / 4096 B
