---
source: tui/tests/view_snapshots.rs
expression: "frame(&turns, Theme::Mono, 40, 12)"
---
  ╭ Jump to a Turn ──────────────────╮
  │                                  │
  │  Search  release                 │
  │  ›  3  release checkpoint 02 …   │
  │    ↑/↓ select   Home/End edge    │
  │    Enter jump   Esc close        │
  │                                  │
  ╰──────────────────────────────────╯
╭──────────────────────────────────────╮
│ Ask a follow-up…                     │
╰──────────────────────────────────────╯
  Esc cancel run
