---
source: tui/tests/view_snapshots.rs
expression: "frame(&action, Theme::Dark, 100, 24)"
---


› Summarize the release plan.

• Completed
  └ Read file

## Release plan

  • Verify the Runtime
  • Ship with evidence
 Approval required ─────────────────────────────────────────────────────────────────────────────────
!  Review the public request before responding.
Create one bounded local file.

Choose
› true
  false
Enter true or false.

  Enter submit response   Ctrl+Q leave safely
• Working…
› Ask a follow-up…
