---
source: tui/tests/view_snapshots.rs
expression: "inspector_frame(theme, 120)"
---


› Summarize the release plan.

• Completed
  └ Read file

## Release plan

  • Verify the Runtime
  • Ship with evidence
 Inspector · Activity ──────────────────────────────────────────────────────────────────────────────────────────────────
› ✓ Read file
    Completed
↑↓ select · Enter jump · Esc close
• Working…
› Ask a follow-up…
