---
source: tui/tests/view_snapshots.rs
expression: matrix
---
===== compact mono 40x8 =====
↓ 12 newer updates ·  End follow latest
› Summarize the release plan.
  ✓ Agent action · completed
## Release plan

  • Verify the Runtime
• Working…  ·  esc to interrupt
› Ask a follow-up…
===== standard dark 100x24 =====
                              ↓ 12 newer updates ·  End follow latest


› Summarize the release plan.

  ✓  Agent action · completed

## Release plan

  • Verify the Runtime
  • Ship with evidence

  cargo test passes.






• Working…  ·  esc to interrupt


› Ask a follow-up…
                                                                                         Session 1
===== wide light 160x28 =====
                                                            ↓ 12 newer updates ·  End follow latest


› Summarize the release plan.

  ✓  Agent action · completed

## Release plan

  • Verify the Runtime
  • Ship with evidence

  cargo test passes.










• Working…  ·  esc to interrupt


› Ask a follow-up…
                                                                                                                                                     Session 1
===== overlay owns input =====
                                         ↓ 12 newer updates


› Summarize the release plan.

                   ╭ Keyboard guide ────────────────────────────────────────────╮
                   │                                                            │
                   │    Enter send   Ctrl+J new line                            │
                   │    Ctrl+N new Session   Ctrl+S open Sessions               │
                   │    Ctrl+P open commands   Ctrl+R open prompt history       │
                   │    Ctrl+G edit externally   Ctrl+U/K kill to line edge     │
                   │    Ctrl+Y yank killed text   Esc close guide               │
                   │    Ctrl+Q ask to quit                                      │
                   │                                                            │
                   ╰────────────────────────────────────────────────────────────╯






• Working…
› Ask a follow-up…
