---
source: tui/tests/view_snapshots.rs
expression: matrix
---
===== loading compact · Mono · 40x18 =====
New conversation              connecting

╭────────────────────────────────────╮
│  >_ Garive                         │
│  Starting workspace…               │
╰────────────────────────────────────╯










› Ask Garive anything


===== loading standard · Dark · 80x18 =====
New conversation  ·  Garive                                           connecting

╭────────────────────────────────────────────╮
│  >_ Garive                                 │
│  Starting workspace…                       │
╰────────────────────────────────────────────╯










› Ask Garive anything


===== loading wide · Light · 120x18 =====
New conversation  ·  Garive                                                                                   connecting

╭────────────────────────────────────────────╮
│  >_ Garive                                 │
│  Starting workspace…                       │
╰────────────────────────────────────────────╯










› Ask Garive anything


===== ready · Dark · 100x18 =====

╭────────────────────────────────────────────╮
│  >_ Garive                                 │
│  / commands  ·  ? help                     │
╰────────────────────────────────────────────╯











› Ask Garive anything


===== not configured · Mono · 100x18 =====


  No Agent is installed
  Install an Agent definition before starting a conversation.












› Ask Garive anything


===== degraded · Dark · 100x18 =====
New conversation  ·  Garive                                                              unavailable


  Recovery details are available
  Open /status to inspect the safe failure and reconnect.











› Ask Garive anything
  /reconnect try again safely  ·  Durable Session truth unavailable
