---
source: tui/tests/view_snapshots.rs
expression: filmstrip
---
===== preparing =====


› Show every verified streaming stage.
















• Preparing…  ·  esc to interrupt


› A retained follow-up draft


===== first presented delta =====


› Show every verified streaming stage.

• The first visible▍














  esc to interrupt


› A retained follow-up draft


===== second delta with activity =====


› Show every verified streaming stage.

• Working
  └ Verifying streamed output

• The first visible streaming frame arrives.▍











  esc to interrupt


› A retained follow-up draft


===== overlay while streaming =====


› Show every verified streaming stage.

• Working
  └ Verifying streamed output

• The first visible streaming frame arrives.▍


 Command palette · 1–8/21 ──────────────────────────────────────────────────────────────────────────
Search  type to search
› /new                unavailable · no Agent is installed
  /sessions           Switch session
  /jump               unavailable · fewer than two Turns are loaded
  /inspect            Open Inspector
  /status             Connection details
  /edit-prompt        Edit draft externally
  /retry              unavailable · no unknown command
  /reconnect          Resume event stream
  ↑/↓ select   Home/End edge   Enter run   Esc close

› A retained follow-up draft


===== stream restored after overlay =====


› Show every verified streaming stage.

• Working
  └ Verifying streamed output

• The first visible streaming frame arrives.▍











  esc to interrupt


› A retained follow-up draft


===== finalizing =====


› Show every verified streaming stage.

• Working
  └ Verifying streamed output

• The first visible streaming frame arrives.▍











  esc to interrupt


› A retained follow-up draft


===== ended awaiting durable =====


› Show every verified streaming stage.

• Working
  └ Verifying streamed output

• The first visible streaming frame arrives.











• Saving…  ·  esc to interrupt


› A retained follow-up draft


===== durable takeover =====


› Show every verified streaming stage.

• Working
  └ Verifying streamed output

• Saved streaming answer.














› A retained follow-up draft
