---
source: tui/tests/view_snapshots.rs
expression: "frame(&activities, Theme::Light, 100, 24)"
---

› Verify the release candidate.
  ✓  Read file · +1 completed
  ●  Reading file

















                                                                          Working…  ·  Esc interrupt
› Ask a follow-up…
